// Jest Snapshot v1, https://goo.gl/fbAQLP

exports[`counter should render a counter 1`] = `<counter />`;
